Registro de execucao do laboratorio M1.1
Gerado por: python lab_1_m1.py e python -m pytest
Python: 3.13.14  numpy: 2.5.2  opencv: 5.0.0

== python lab_1_m1.py ==
width=638
height=480
channels=3
pixels=306240
type=uint8
min=0
max=255
mean=102.8340
min_b=0
max_b=255
mean_b=72.4239
min_g=0
max_g=255
mean_g=84.6324
min_r=0
max_r=255
mean_r=151.4457
saidas geradas em: images\output
exit=0

== python -m pytest -q ==
............................................                             [100%]
44 passed in 0.15s

== codigos de saida das guardas ==
  erro: arquivo de entrada nao encontrado: images\input\nao_existe.png
  exit=1
  erro: quantidade de niveis invalida: 1; use um inteiro entre 2 e 256
  exit=1
